[2026-10-05T00:16:03.453Z] GET http://127.0.0.1:45518/welcome → 200 (1ms, 8951B)
[2026-10-05T00:16:03.461Z] GET https://fonts.googleapis.com/css2?family=DM+Sans:wght@400;500;600&family=JetBrains+Mono:wght@400;500&display=swap → 200 (1ms, -698B)
[2026-10-05T00:16:03.461Z] GET https://api.fontshare.com/v2/css?f[]=satoshi@700,900&display=swap → 200 (2ms, -729B)
[2026-10-05T00:16:03.477Z] GET https://fonts.gstatic.com/s/dmsans/v17/rP2Yp2ywxg089UriI5-g4vlH9VoD8Cmcqbu0-K6z9mXg.woff2 → 200 (?ms, -815B)
[2026-10-05T00:16:03.477Z] GET https://cdn.fontshare.com/wf/NHPGVFYUXYXE33DZ75OIT4JFGHITX5PE/PSUTMASCDJTVPERDYJZPN23BVUFUCQIF/J64QX5IPOHK56I2KYUNBQ5M2XWZEYKYX.woff2 → 200 (1ms, -1234B)
[2026-10-05T00:16:03.477Z] GET https://cdn.fontshare.com/wf/LAFFD4SDUCDVQEXFPDC7C53EQ4ZELWQI/PXCT3G6LO6ICM5I3NTYENYPWJAECAWDD/GHM6WVH6MILNYOOCXHXB5GTSGNTMGXZR.woff2 → 200 (1ms, -1234B)
[2026-10-05T00:16:03.477Z] GET https://fonts.gstatic.com/s/jetbrainsmono/v24/tDbv2o-flEEny0FZhsfKu5WU4zr3E_BX0PnT8RD8yKwBNntkaToggR7BYRbKPxDcwgknk-4.woff2 → 200 (1ms, -814B)
[2026-10-05T00:16:03.537Z] GET http://localhost:8765/index.html?v=25 → 200 (1ms, 3821B)
[2026-10-05T00:16:03.546Z] GET https://fonts.googleapis.com/css2?family=Share+Tech+Mono&family=Rajdhani:wght@300;500;700&display=swap → 200 (1ms, -698B)
[2026-10-05T00:16:03.546Z] GET http://localhost:8765/style.css → 200 (1ms, -186B)
[2026-10-05T00:16:03.546Z] GET http://localhost:8765/src/main.js → 200 (1ms, ?B)
[2026-10-05T00:16:03.560Z] GET https://fonts.gstatic.com/s/sharetechmono/v16/J7aHnp1uDWRBEqV98dVQztYldFcLowEFA87Heg.woff2 → 200 (?ms, -814B)
[2026-10-05T00:16:03.560Z] GET https://fonts.gstatic.com/s/rajdhani/v17/LDI2apCSOBg7S-QT7pa8FvOreefkkbIx.woff2 → 200 (?ms, -814B)
[2026-10-05T00:16:03.567Z] GET https://cdn.jsdelivr.net/npm/three@0.170.0/build/three.module.js → 200 (16ms, -1054B)
[2026-10-05T00:16:03.568Z] GET http://localhost:8765/src/fog.js → 200 (3ms, -193B)
[2026-10-05T00:16:03.568Z] GET https://cdn.jsdelivr.net/npm/three@0.170.0/examples/jsm/environments/RoomEnvironment.js → 200 (3ms, -1064B)
[2026-10-05T00:16:03.568Z] GET http://localhost:8765/src/post.js → 200 (4ms, ?B)
[2026-10-05T00:16:03.568Z] GET http://localhost:8765/src/audio.js → 200 (?ms, -194B)
[2026-10-05T00:16:03.568Z] GET http://localhost:8765/src/input.js → 200 (3ms, -193B)
[2026-10-05T00:16:03.568Z] GET http://localhost:8765/src/level.js → 200 (10ms, ?B)
[2026-10-05T00:16:03.568Z] GET http://localhost:8765/src/player.js → 200 (14ms, ?B)
[2026-10-05T00:16:03.568Z] GET http://localhost:8765/src/enemies.js → 200 (14ms, ?B)
[2026-10-05T00:16:03.568Z] GET http://localhost:8765/src/hud.js → 200 (14ms, ?B)
[2026-10-05T00:16:03.568Z] GET http://localhost:8765/src/fx.js → 200 (5ms, -194B)
[2026-10-05T00:16:03.568Z] GET http://localhost:8765/src/director.js → 200 (14ms, ?B)
[2026-10-05T00:16:03.572Z] GET https://cdn.jsdelivr.net/npm/three@0.170.0/examples/jsm/postprocessing/EffectComposer.js → 200 (3ms, -1059B)
[2026-10-05T00:16:03.572Z] GET https://cdn.jsdelivr.net/npm/three@0.170.0/examples/jsm/postprocessing/RenderPass.js → 200 (2ms, -1048B)
[2026-10-05T00:16:03.572Z] GET https://cdn.jsdelivr.net/npm/three@0.170.0/examples/jsm/postprocessing/UnrealBloomPass.js → 200 (6ms, -1053B)
[2026-10-05T00:16:03.572Z] GET https://cdn.jsdelivr.net/npm/three@0.170.0/examples/jsm/postprocessing/ShaderPass.js → 200 (6ms, -1059B)
[2026-10-05T00:16:03.572Z] GET https://cdn.jsdelivr.net/npm/three@0.170.0/examples/jsm/postprocessing/OutputPass.js → 200 (5ms, -1061B)
[2026-10-05T00:16:03.573Z] GET https://cdn.jsdelivr.net/npm/three@0.170.0/examples/jsm/postprocessing/Pass.js → 200 (5ms, -1057B)
[2026-10-05T00:16:03.573Z] GET https://cdn.jsdelivr.net/npm/three@0.170.0/examples/jsm/postprocessing/GTAOPass.js → 200 (5ms, -1053B)
[2026-10-05T00:16:03.574Z] GET http://localhost:8765/src/textures.js → 200 (6ms, -194B)
[2026-10-05T00:16:03.577Z] GET https://cdn.jsdelivr.net/npm/three@0.170.0/examples/jsm/shaders/CopyShader.js → 200 (2ms, -1055B)
[2026-10-05T00:16:03.577Z] GET https://cdn.jsdelivr.net/npm/three@0.170.0/examples/jsm/postprocessing/MaskPass.js → 200 (3ms, -1059B)
[2026-10-05T00:16:03.578Z] GET https://cdn.jsdelivr.net/npm/three@0.170.0/examples/jsm/shaders/OutputShader.js → 200 (2ms, -1057B)
[2026-10-05T00:16:03.578Z] GET https://cdn.jsdelivr.net/npm/three@0.170.0/examples/jsm/shaders/LuminosityHighPassShader.js → 200 (3ms, -1058B)
[2026-10-05T00:16:03.578Z] GET https://cdn.jsdelivr.net/npm/three@0.170.0/examples/jsm/utils/BufferGeometryUtils.js → 200 (3ms, -1061B)
[2026-10-05T00:16:03.580Z] GET https://cdn.jsdelivr.net/npm/three@0.170.0/examples/jsm/shaders/GTAOShader.js → 200 (1ms, -1063B)
[2026-10-05T00:16:03.580Z] GET https://cdn.jsdelivr.net/npm/three@0.170.0/examples/jsm/shaders/PoissonDenoiseShader.js → 200 (1ms, -1048B)
[2026-10-05T00:16:03.580Z] GET https://cdn.jsdelivr.net/npm/three@0.170.0/examples/jsm/math/SimplexNoise.js → 200 (2ms, -1056B)
[2026-10-05T00:16:03.582Z] GET http://localhost:8765/src/creatures.js → 200 (1ms, ?B)
[2026-10-05T00:16:16.755Z] GET https://fonts.gstatic.com/s/rajdhani/v17/LDI2apCSOBg7S-QT7pasEfOreefkkbIx.woff2 → 200 (?ms, -814B)
